2026-08-14T15:22:48.5733396Z Current runner version: '2.336.0'
2026-08-14T15:22:48.5771939Z ##[group]Runner Image Provisioner
2026-08-14T15:22:48.5773611Z Hosted Compute Agent
2026-08-14T15:22:48.5774487Z Version: 20260729.566
2026-08-14T15:22:48.5775460Z Commit: cf7153fe6e25b664e8693c24944bf2b00355d109
2026-08-14T15:22:48.5776568Z Build Date: 2026-07-29T19:17:02Z
2026-08-14T15:22:48.5777624Z Worker ID: {e85dacca-a3ff-43f8-b737-215132d3edbb}
2026-08-14T15:22:48.5778745Z Azure Region: centralus
2026-08-14T15:22:48.5779577Z ##[endgroup]
2026-08-14T15:22:48.5781516Z ##[group]Operating System
2026-08-14T15:22:48.5782482Z Microsoft Windows Server 2025
2026-08-14T15:22:48.5783391Z 10.0.26100
2026-08-14T15:22:48.5784171Z Datacenter
2026-08-14T15:22:48.5784918Z ##[endgroup]
2026-08-14T15:22:48.5785721Z ##[group]Runner Image
2026-08-14T15:22:48.5786596Z Image: windows-2025-vs2026
2026-08-14T15:22:48.5787494Z Version: 20260810.198.2
2026-08-14T15:22:48.5790082Z Included Software: https://github.com/actions/runner-images/blob/win25-vs2026/20260810.198/images/windows/Windows2025-VS2026-Readme.md
2026-08-14T15:22:48.5793110Z Image Release: https://github.com/actions/runner-images/releases/tag/win25-vs2026%2F20260810.198
2026-08-14T15:22:48.5794692Z ##[endgroup]
2026-08-14T15:22:48.5796326Z ##[group]GITHUB_TOKEN Permissions
2026-08-14T15:22:48.5798986Z Contents: read
2026-08-14T15:22:48.5799857Z Metadata: read
2026-08-14T15:22:48.5800746Z ##[endgroup]
2026-08-14T15:22:48.5803876Z Secret source: Actions
2026-08-14T15:22:48.5805331Z Prepare workflow directory
2026-08-14T15:22:48.6258549Z Prepare all required actions
2026-08-14T15:22:48.6328491Z Getting action download info
2026-08-14T15:22:48.8925699Z Download action repository 'actions/checkout@v4' (SHA:11d5960a326750d5838078e36cf38b85af677262)
2026-08-14T15:22:49.0122498Z Download action repository 'pnpm/action-setup@v4' (SHA:b906affcce14559ad1aafd4ab0e942779e9f58b1)
2026-08-14T15:22:49.4612043Z Download action repository 'actions/setup-node@v4' (SHA:49933ea5288caeca8642d1e84afbd3f7d6820020)
2026-08-14T15:22:49.6147027Z Download action repository 'dtolnay/rust-toolchain@stable' (SHA:4360b52568e2003a75bf9bc1d59f33a8e3fc893c)
2026-08-14T15:22:49.7879106Z Download action repository 'Swatinem/rust-cache@v2' (SHA:6323deb102c322ba6fcbdcafc7e3dddab59af2b6)
2026-08-14T15:22:50.1488440Z Download action repository 'actions/cache@v4' (SHA:0057852bfaa89a56745cba8c7296529d2fc39830)
2026-08-14T15:22:50.3022152Z Download action repository 'actions/upload-artifact@v4' (SHA:ea165f8d65b6e75b540449e92b4886f43607fa02)
2026-08-14T15:22:50.7236556Z Complete job name: build-windows
2026-08-14T15:22:50.8948754Z Node 20 is being deprecated. This workflow is running with Node 24 by default. If you need to temporarily use Node 20, you can set the ACTIONS_ALLOW_USE_UNSECURE_NODE_VERSION=true environment variable. For more information see: https://github.blog/changelog/2025-09-19-deprecation-of-node-20-on-github-actions-runners/
2026-08-14T15:22:50.8959628Z ##[group]Run actions/checkout@v4
2026-08-14T15:22:50.8960767Z with:
2026-08-14T15:22:50.8961742Z   repository: mmllemon/deepseek-harness-desktop
2026-08-14T15:22:50.8969167Z   token: ***
2026-08-14T15:22:50.8969938Z   ssh-strict: true
2026-08-14T15:22:50.8970629Z   ssh-user: git
2026-08-14T15:22:50.8971293Z   persist-credentials: true
2026-08-14T15:22:50.8972064Z   clean: true
2026-08-14T15:22:50.8972743Z   sparse-checkout-cone-mode: true
2026-08-14T15:22:50.8973504Z   fetch-depth: 1
2026-08-14T15:22:50.8974186Z   fetch-tags: false
2026-08-14T15:22:50.8974834Z   show-progress: true
2026-08-14T15:22:50.8975505Z   lfs: false
2026-08-14T15:22:50.8976260Z   submodules: false
2026-08-14T15:22:50.8977015Z   set-safe-directory: true
2026-08-14T15:22:50.8977815Z   allow-unsafe-pr-checkout: false
2026-08-14T15:22:50.8978970Z ##[endgroup]
2026-08-14T15:22:51.0610279Z Syncing repository: mmllemon/deepseek-harness-desktop
2026-08-14T15:22:51.0613033Z ##[group]Getting Git version info
2026-08-14T15:22:51.0614822Z Working directory is 'D:\a\deepseek-harness-desktop\deepseek-harness-desktop'
2026-08-14T15:22:51.1464335Z [command]"C:\Program Files\Git\bin\git.exe" version
2026-08-14T15:22:51.4741600Z git version 2.55.0.windows.3
2026-08-14T15:22:51.4926720Z ##[endgroup]
2026-08-14T15:22:51.4934991Z Temporarily overriding HOME='D:\a\_temp\fae9f298-27d2-4400-bf44-d4686b27796d' before making global git config changes
2026-08-14T15:22:51.4936876Z Adding repository directory to the temporary git global config as a safe directory
2026-08-14T15:22:51.4938855Z [command]"C:\Program Files\Git\bin\git.exe" config --global --add safe.directory D:\a\deepseek-harness-desktop\deepseek-harness-desktop
2026-08-14T15:22:51.5459374Z Deleting the contents of 'D:\a\deepseek-harness-desktop\deepseek-harness-desktop'
2026-08-14T15:22:51.5466347Z ##[group]Initializing the repository
2026-08-14T15:22:51.5475710Z [command]"C:\Program Files\Git\bin\git.exe" init D:\a\deepseek-harness-desktop\deepseek-harness-desktop
2026-08-14T15:22:51.6581688Z Initialized empty Git repository in D:/a/deepseek-harness-desktop/deepseek-harness-desktop/.git/
2026-08-14T15:22:51.6638439Z [command]"C:\Program Files\Git\bin\git.exe" remote add origin https://github.com/mmllemon/deepseek-harness-desktop
2026-08-14T15:22:51.7226866Z ##[endgroup]
2026-08-14T15:22:51.7228176Z ##[group]Disabling automatic garbage collection
2026-08-14T15:22:51.7238387Z [command]"C:\Program Files\Git\bin\git.exe" config --local gc.auto 0
2026-08-14T15:22:51.7580798Z ##[endgroup]
2026-08-14T15:22:51.7582120Z ##[group]Setting up auth
2026-08-14T15:22:51.7594917Z [command]"C:\Program Files\Git\bin\git.exe" config --local --name-only --get-regexp core\.sshCommand
2026-08-14T15:22:51.7930480Z [command]"C:\Program Files\Git\bin\git.exe" submodule foreach --recursive "sh -c \"git config --local --name-only --get-regexp 'core\.sshCommand' && git config --local --unset-all 'core.sshCommand' || :\""
2026-08-14T15:22:53.3166001Z [command]"C:\Program Files\Git\bin\git.exe" config --local --name-only --get-regexp http\.https\:\/\/github\.com\/\.extraheader
2026-08-14T15:22:53.3528131Z [command]"C:\Program Files\Git\bin\git.exe" submodule foreach --recursive "sh -c \"git config --local --name-only --get-regexp 'http\.https\:\/\/github\.com\/\.extraheader' && git config --local --unset-all 'http.https://github.com/.extraheader' || :\""
2026-08-14T15:22:53.9051744Z [command]"C:\Program Files\Git\bin\git.exe" config --local --name-only --get-regexp ^includeIf\.gitdir:
2026-08-14T15:22:53.9369844Z [command]"C:\Program Files\Git\bin\git.exe" submodule foreach --recursive "git config --local --show-origin --name-only --get-regexp remote.origin.url"
2026-08-14T15:22:54.5176153Z [command]"C:\Program Files\Git\bin\git.exe" config --local http.https://github.com/.extraheader "AUTHORIZATION: basic ***"
2026-08-14T15:22:54.5507477Z ##[endgroup]
2026-08-14T15:22:54.5508159Z ##[group]Fetching the repository
2026-08-14T15:22:54.5522945Z [command]"C:\Program Files\Git\bin\git.exe" -c protocol.version=2 fetch --no-tags --prune --no-recurse-submodules --depth=1 origin +6e64eee5ad04f9d1a493c0871d4b9999c7e28b4c:refs/remotes/origin/main
2026-08-14T15:22:56.6366092Z From https://github.com/mmllemon/deepseek-harness-desktop
2026-08-14T15:22:56.6367944Z  * [new ref]         6e64eee5ad04f9d1a493c0871d4b9999c7e28b4c -> origin/main
2026-08-14T15:22:56.6418277Z ##[endgroup]
2026-08-14T15:22:56.6418693Z ##[group]Determining the checkout info
2026-08-14T15:22:56.6422075Z ##[endgroup]
2026-08-14T15:22:56.6438279Z [command]"C:\Program Files\Git\bin\git.exe" sparse-checkout disable
2026-08-14T15:22:56.6921527Z [command]"C:\Program Files\Git\bin\git.exe" config --local --unset-all extensions.worktreeConfig
2026-08-14T15:22:56.7237096Z ##[group]Checking out the ref
2026-08-14T15:22:56.7248737Z [command]"C:\Program Files\Git\bin\git.exe" checkout --progress --force -B main refs/remotes/origin/main
2026-08-14T15:22:56.7901704Z Switched to a new branch 'main'
2026-08-14T15:22:56.7922739Z branch 'main' set up to track 'origin/main'.
2026-08-14T15:22:56.7974951Z ##[endgroup]
2026-08-14T15:22:56.8403051Z [command]"C:\Program Files\Git\bin\git.exe" log -1 --format=%H
2026-08-14T15:22:56.8731776Z 6e64eee5ad04f9d1a493c0871d4b9999c7e28b4c
2026-08-14T15:22:56.9245384Z Node 20 is being deprecated. This workflow is running with Node 24 by default. If you need to temporarily use Node 20, you can set the ACTIONS_ALLOW_USE_UNSECURE_NODE_VERSION=true environment variable. For more information see: https://github.blog/changelog/2025-09-19-deprecation-of-node-20-on-github-actions-runners/
2026-08-14T15:22:56.9247401Z ##[group]Run pnpm/action-setup@v4
2026-08-14T15:22:56.9247660Z with:
2026-08-14T15:22:56.9247876Z   version: 11.7.0
2026-08-14T15:22:56.9248077Z   dest: ~/setup-pnpm
2026-08-14T15:22:56.9248274Z   run_install: null
2026-08-14T15:22:56.9248469Z   cache: false
2026-08-14T15:22:56.9248714Z   cache_dependency_path: pnpm-lock.yaml
2026-08-14T15:22:56.9249036Z   package_json_file: package.json
2026-08-14T15:22:56.9249285Z   standalone: false
2026-08-14T15:22:56.9249508Z ##[endgroup]
2026-08-14T15:22:57.1151874Z ##[group]Running self-installer...
2026-08-14T15:22:57.6497098Z (node:1896) [DEP0169] DeprecationWarning: `url.parse()` behavior is not standardized and prone to errors that have security implications. Use the WHATWG URL API instead. CVEs are not issued for `url.parse()` vulnerabilities.
2026-08-14T15:22:57.6499835Z (Use `node --trace-deprecation ...` to show where the warning was created)
2026-08-14T15:22:57.8747744Z Progress: resolved 1, reused 0, downloaded 0, added 0
2026-08-14T15:22:57.8860871Z Packages: +1
2026-08-14T15:22:57.8861771Z +
2026-08-14T15:22:59.0788907Z Progress: resolved 1, reused 0, downloaded 1, added 0
2026-08-14T15:22:59.2895014Z Progress: resolved 1, reused 0, downloaded 1, added 1, done
2026-08-14T15:22:59.3772513Z 
2026-08-14T15:22:59.3773217Z dependencies:
2026-08-14T15:22:59.3773679Z + pnpm 11.7.0 (11.21.0 is available)
2026-08-14T15:22:59.3773998Z 
2026-08-14T15:22:59.3868883Z Done in 2s
2026-08-14T15:22:59.4137407Z ##[endgroup]
2026-08-14T15:22:59.4137777Z Installation Completed!
2026-08-14T15:22:59.4637908Z Node 20 is being deprecated. This workflow is running with Node 24 by default. If you need to temporarily use Node 20, you can set the ACTIONS_ALLOW_USE_UNSECURE_NODE_VERSION=true environment variable. For more information see: https://github.blog/changelog/2025-09-19-deprecation-of-node-20-on-github-actions-runners/
2026-08-14T15:22:59.4639625Z ##[group]Run actions/setup-node@v4
2026-08-14T15:22:59.4639868Z with:
2026-08-14T15:22:59.4640383Z   node-version: 22
2026-08-14T15:22:59.4640584Z   always-auth: false
2026-08-14T15:22:59.4640797Z   check-latest: false
2026-08-14T15:22:59.4643548Z   token: ***
2026-08-14T15:22:59.4643829Z env:
2026-08-14T15:22:59.4644103Z   PNPM_HOME: C:\Users\runneradmin\setup-pnpm\node_modules\.bin
2026-08-14T15:22:59.4644422Z ##[endgroup]
2026-08-14T15:22:59.6954087Z Found in cache @ C:\hostedtoolcache\windows\node\22.23.2\x64
2026-08-14T15:22:59.6965115Z (node:6768) [DEP0040] DeprecationWarning: The `punycode` module is deprecated. Please use a userland alternative instead.
2026-08-14T15:22:59.6966590Z (Use `node --trace-deprecation ...` to show where the warning was created)
2026-08-14T15:22:59.6969377Z ##[group]Environment details
2026-08-14T15:23:04.0016247Z node: v22.23.2
2026-08-14T15:23:04.0016510Z npm: 10.9.8
2026-08-14T15:23:04.0017182Z yarn: 1.22.22
2026-08-14T15:23:04.0018730Z ##[endgroup]
2026-08-14T15:23:04.0593143Z ##[group]Run dtolnay/rust-toolchain@stable
2026-08-14T15:23:04.0593516Z with:
2026-08-14T15:23:04.0593716Z   targets: x86_64-pc-windows-msvc
2026-08-14T15:23:04.0593943Z   toolchain: stable
2026-08-14T15:23:04.0594119Z env:
2026-08-14T15:23:04.0594365Z   PNPM_HOME: C:\Users\runneradmin\setup-pnpm\node_modules\.bin
2026-08-14T15:23:04.0594677Z ##[endgroup]
2026-08-14T15:23:04.0671540Z ##[start-action display=Parse toolchain version;id=__dtolnay_rust-toolchain.parse]
2026-08-14T15:23:04.0851185Z ##[group]Run if [[ -z $toolchain ]]; then
2026-08-14T15:23:04.0851937Z [36;1mif [[ -z $toolchain ]]; then[0m
2026-08-14T15:23:04.0852549Z [36;1m  # GitHub does not enforce `required: true` inputs itself. https://github.com/actions/runner/issues/1070[0m
2026-08-14T15:23:04.0853184Z [36;1m  echo "'toolchain' is a required input" >&2[0m
2026-08-14T15:23:04.0853521Z [36;1m  exit 1[0m
2026-08-14T15:23:04.0853965Z [36;1melif [[ $toolchain =~ ^stable' '[0-9]+' '(year|month|week|day)s?' 'ago$ ]]; then[0m
2026-08-14T15:23:04.0854359Z [36;1m  if [[ Windows == macOS ]]; then[0m
2026-08-14T15:23:04.0854846Z [36;1m    echo "toolchain=1.$((($(date -v-$(sed 's/stable \([0-9]*\) \(.\).*/\1\2/' <<< $toolchain) +%s)/60/60/24-16569)/7/6))" >> $GITHUB_OUTPUT[0m
2026-08-14T15:23:04.0855315Z [36;1m  else[0m
2026-08-14T15:23:04.0855681Z [36;1m    echo "toolchain=1.$((($(date --date "${toolchain#stable }" +%s)/60/60/24-16569)/7/6))" >> $GITHUB_OUTPUT[0m
2026-08-14T15:23:04.0856096Z [36;1m  fi[0m
2026-08-14T15:23:04.0856364Z [36;1melif [[ $toolchain =~ ^stable' 'minus' '[0-9]+' 'releases?$ ]]; then[0m
2026-08-14T15:23:04.0856857Z [36;1m  echo "toolchain=1.$((($(date +%s)/60/60/24-16569)/7/6-${toolchain//[^0-9]/}))" >> $GITHUB_OUTPUT[0m
2026-08-14T15:23:04.0857649Z [36;1melif [[ $toolchain =~ ^1\.[0-9]+$ ]]; then[0m
2026-08-14T15:23:04.0858190Z [36;1m  echo "toolchain=1.$((i=${toolchain#1.}, c=($(date +%s)/60/60/24-16569)/7/6, i+9*i*(10*i<=c)+90*i*(100*i<=c)))" >> $GITHUB_OUTPUT[0m
2026-08-14T15:23:04.0858639Z [36;1melse[0m
2026-08-14T15:23:04.0858865Z [36;1m  echo "toolchain=$toolchain" >> $GITHUB_OUTPUT[0m
2026-08-14T15:23:04.0859137Z [36;1mfi[0m
2026-08-14T15:23:04.0883657Z shell: C:\Program Files\Git\bin\bash.EXE --noprofile --norc -e -o pipefail {0}
2026-08-14T15:23:04.0884050Z env:
2026-08-14T15:23:04.0884323Z   PNPM_HOME: C:\Users\runneradmin\setup-pnpm\node_modules\.bin
2026-08-14T15:23:04.0884774Z   toolchain: stable
2026-08-14T15:23:04.0884999Z ##[endgroup]
2026-08-14T15:23:04.2534438Z ##[end-action id=__dtolnay_rust-toolchain.parse;outcome=success;conclusion=success;duration_ms=186]
2026-08-14T15:23:04.2541900Z ##[start-action display=Construct rustup command line;id=__dtolnay_rust-toolchain.flags]
2026-08-14T15:23:04.2683062Z ##[group]Run echo "targets=$(for t in ${targets//,/ }; do echo -n ' --target' $t; done)" >> $GITHUB_OUTPUT
2026-08-14T15:23:04.2683726Z [36;1mecho "targets=$(for t in ${targets//,/ }; do echo -n ' --target' $t; done)" >> $GITHUB_OUTPUT[0m
2026-08-14T15:23:04.2684315Z [36;1mecho "components=$(for c in ${components//,/ }; do echo -n ' --component' $c; done)" >> $GITHUB_OUTPUT[0m
2026-08-14T15:23:04.2684767Z [36;1mecho "downgrade=" >> $GITHUB_OUTPUT[0m
2026-08-14T15:23:04.2699881Z shell: C:\Program Files\Git\bin\bash.EXE --noprofile --norc -e -o pipefail {0}
2026-08-14T15:23:04.2700286Z env:
2026-08-14T15:23:04.2700555Z   PNPM_HOME: C:\Users\runneradmin\setup-pnpm\node_modules\.bin
2026-08-14T15:23:04.2700883Z   targets: x86_64-pc-windows-msvc
2026-08-14T15:23:04.2701125Z   components: 
2026-08-14T15:23:04.2701322Z ##[endgroup]
2026-08-14T15:23:04.3421052Z ##[end-action id=__dtolnay_rust-toolchain.flags;outcome=success;conclusion=success;duration_ms=87]
2026-08-14T15:23:04.3424232Z ##[start-action display=Set $CARGO_HOME;id=__dtolnay_rust-toolchain.__run]
2026-08-14T15:23:04.3583294Z ##[group]Run echo CARGO_HOME=${CARGO_HOME:-"$USERPROFILE\.cargo"} >> $GITHUB_ENV
2026-08-14T15:23:04.3585523Z [36;1mecho CARGO_HOME=${CARGO_HOME:-"$USERPROFILE\.cargo"} >> $GITHUB_ENV[0m
2026-08-14T15:23:04.3601053Z shell: C:\Program Files\Git\bin\bash.EXE --noprofile --norc -e -o pipefail {0}
2026-08-14T15:23:04.3601438Z env:
2026-08-14T15:23:04.3601701Z   PNPM_HOME: C:\Users\runneradmin\setup-pnpm\node_modules\.bin
2026-08-14T15:23:04.3602012Z ##[endgroup]
2026-08-14T15:23:04.4064094Z ##[end-action id=__dtolnay_rust-toolchain.__run;outcome=success;conclusion=success;duration_ms=63]
2026-08-14T15:23:04.4066701Z ##[start-action display=Install rustup if needed;id=__dtolnay_rust-toolchain.__run_2]
2026-08-14T15:23:04.4078755Z ##[end-action id=__dtolnay_rust-toolchain.__run_2;outcome=skipped;conclusion=skipped;duration_ms=0]
2026-08-14T15:23:04.4081059Z ##[start-action display=Install rustup if needed on windows;id=__dtolnay_rust-toolchain.__run_3]
2026-08-14T15:23:04.4221629Z ##[group]Run if ! command -v rustup &>/dev/null; then
2026-08-14T15:23:04.4221996Z [36;1mif ! command -v rustup &>/dev/null; then[0m
2026-08-14T15:23:04.4222742Z [36;1m  curl --proto '=https' --tlsv1.2 --retry 10 --retry-connrefused --location --silent --show-error --fail https://win.rustup.rs/x86_64 --output 'D:\a\_temp\rustup-init.exe'[0m
2026-08-14T15:23:04.4223530Z [36;1m  'D:\a\_temp\rustup-init.exe' --default-toolchain none --no-modify-path -y[0m
2026-08-14T15:23:04.4223930Z [36;1m  echo "$CARGO_HOME\bin" >> $GITHUB_PATH[0m
2026-08-14T15:23:04.4224187Z [36;1mfi[0m
2026-08-14T15:23:04.4239381Z shell: C:\Program Files\Git\bin\bash.EXE --noprofile --norc -e -o pipefail {0}
2026-08-14T15:23:04.4239773Z env:
2026-08-14T15:23:04.4240028Z   PNPM_HOME: C:\Users\runneradmin\setup-pnpm\node_modules\.bin
2026-08-14T15:23:04.4240360Z   CARGO_HOME: C:\Users\runneradmin\.cargo
2026-08-14T15:23:04.4240666Z ##[endgroup]
2026-08-14T15:23:04.4892665Z ##[end-action id=__dtolnay_rust-toolchain.__run_3;outcome=success;conclusion=success;duration_ms=81]
2026-08-14T15:23:04.4942660Z ##[start-action display=rustup toolchain install stable;id=__dtolnay_rust-toolchain.__run_4]
2026-08-14T15:23:04.5084060Z ##[group]Run rustup toolchain install stable --target x86_64-pc-windows-msvc --profile minimal --no-self-update
2026-08-14T15:23:04.5084784Z [36;1mrustup toolchain install stable --target x86_64-pc-windows-msvc --profile minimal --no-self-update[0m
2026-08-14T15:23:04.5099854Z shell: C:\Program Files\Git\bin\bash.EXE --noprofile --norc -e -o pipefail {0}
2026-08-14T15:23:04.5100259Z env:
2026-08-14T15:23:04.5100516Z   PNPM_HOME: C:\Users\runneradmin\setup-pnpm\node_modules\.bin
2026-08-14T15:23:04.5100862Z   CARGO_HOME: C:\Users\runneradmin\.cargo
2026-08-14T15:23:04.5101159Z   RUSTUP_PERMIT_COPY_RENAME: 1
2026-08-14T15:23:04.5101389Z ##[endgroup]
2026-08-14T15:23:07.3129041Z info: syncing channel updates for stable-x86_64-pc-windows-msvc
2026-08-14T15:23:07.8734827Z info: latest update on 2026-07-16 for version 1.97.1 (8bab26f4f 2026-07-14)
2026-08-14T15:23:07.9055961Z info: component rust-std is up to date
2026-08-14T15:23:07.9080074Z 
2026-08-14T15:23:07.9325670Z   stable-x86_64-pc-windows-msvc unchanged - rustc 1.97.1 (8bab26f4f 2026-07-14)
2026-08-14T15:23:07.9326363Z 
2026-08-14T15:23:07.9476511Z ##[end-action id=__dtolnay_rust-toolchain.__run_4;outcome=success;conclusion=success;duration_ms=3453]
2026-08-14T15:23:07.9483156Z ##[start-action display=rustup default stable;id=__dtolnay_rust-toolchain.__run_5]
2026-08-14T15:23:07.9617067Z ##[group]Run rustup default stable
2026-08-14T15:23:07.9617363Z [36;1mrustup default stable[0m
2026-08-14T15:23:07.9631699Z shell: C:\Program Files\Git\bin\bash.EXE --noprofile --norc -e -o pipefail {0}
2026-08-14T15:23:07.9632113Z env:
2026-08-14T15:23:07.9632380Z   PNPM_HOME: C:\Users\runneradmin\setup-pnpm\node_modules\.bin
2026-08-14T15:23:07.9632719Z   CARGO_HOME: C:\Users\runneradmin\.cargo
2026-08-14T15:23:07.9632967Z ##[endgroup]
2026-08-14T15:23:08.0387397Z info: using existing install for stable-x86_64-pc-windows-msvc
2026-08-14T15:23:08.0483275Z info: default toolchain set to stable-x86_64-pc-windows-msvc
2026-08-14T15:23:08.0483679Z 
2026-08-14T15:23:08.0721615Z   stable-x86_64-pc-windows-msvc unchanged - rustc 1.97.1 (8bab26f4f 2026-07-14)
2026-08-14T15:23:08.0722077Z 
2026-08-14T15:23:08.0811495Z ##[end-action id=__dtolnay_rust-toolchain.__run_5;outcome=success;conclusion=success;duration_ms=132]
2026-08-14T15:23:08.0814143Z ##[start-action display=Create cachekey;id=__dtolnay_rust-toolchain.rustc-version]
2026-08-14T15:23:08.0948582Z ##[group]Run DATE=$(rustc +stable --version --verbose | sed -ne 's/^commit-date: \(20[0-9][0-9]\)-\([01][0-9]\)-\([0-3][0-9]\)$/\1\2\3/p')
2026-08-14T15:23:08.0950142Z [36;1mDATE=$(rustc +stable --version --verbose | sed -ne 's/^commit-date: \(20[0-9][0-9]\)-\([01][0-9]\)-\([0-3][0-9]\)$/\1\2\3/p')[0m
2026-08-14T15:23:08.0950740Z [36;1mHASH=$(rustc +stable --version --verbose | sed -ne 's/^commit-hash: //p')[0m
2026-08-14T15:23:08.0951201Z [36;1mecho "cachekey=$(echo $DATE$HASH | head -c12)" >> $GITHUB_OUTPUT[0m
2026-08-14T15:23:08.0965899Z shell: C:\Program Files\Git\bin\bash.EXE --noprofile --norc -e -o pipefail {0}
2026-08-14T15:23:08.0966269Z env:
2026-08-14T15:23:08.0966523Z   PNPM_HOME: C:\Users\runneradmin\setup-pnpm\node_modules\.bin
2026-08-14T15:23:08.0966863Z   CARGO_HOME: C:\Users\runneradmin\.cargo
2026-08-14T15:23:08.0967097Z ##[endgroup]
2026-08-14T15:23:08.9469740Z ##[end-action id=__dtolnay_rust-toolchain.rustc-version;outcome=success;conclusion=success;duration_ms=865]
2026-08-14T15:23:08.9472645Z ##[start-action display=Disable incremental compilation;id=__dtolnay_rust-toolchain.__run_6]
2026-08-14T15:23:08.9628538Z ##[group]Run if [ -z "${CARGO_INCREMENTAL+set}" ]; then
2026-08-14T15:23:08.9629203Z [36;1mif [ -z "${CARGO_INCREMENTAL+set}" ]; then[0m
2026-08-14T15:23:08.9629766Z [36;1m  echo CARGO_INCREMENTAL=0 >> $GITHUB_ENV[0m
2026-08-14T15:23:08.9630216Z [36;1mfi[0m
2026-08-14T15:23:08.9653933Z shell: C:\Program Files\Git\bin\bash.EXE --noprofile --norc -e -o pipefail {0}
2026-08-14T15:23:08.9654559Z env:
2026-08-14T15:23:08.9654978Z   PNPM_HOME: C:\Users\runneradmin\setup-pnpm\node_modules\.bin
2026-08-14T15:23:08.9655553Z   CARGO_HOME: C:\Users\runneradmin\.cargo
2026-08-14T15:23:08.9655967Z ##[endgroup]
2026-08-14T15:23:09.0171886Z ##[end-action id=__dtolnay_rust-toolchain.__run_6;outcome=success;conclusion=success;duration_ms=69]
2026-08-14T15:23:09.0174525Z ##[start-action display=Enable colors in Cargo output;id=__dtolnay_rust-toolchain.__run_7]
2026-08-14T15:23:09.0318343Z ##[group]Run if [ -z "${CARGO_TERM_COLOR+set}" ]; then
2026-08-14T15:23:09.0318735Z [36;1mif [ -z "${CARGO_TERM_COLOR+set}" ]; then[0m
2026-08-14T15:23:09.0319048Z [36;1m  echo CARGO_TERM_COLOR=always >> $GITHUB_ENV[0m
2026-08-14T15:23:09.0319322Z [36;1mfi[0m
2026-08-14T15:23:09.0334105Z shell: C:\Program Files\Git\bin\bash.EXE --noprofile --norc -e -o pipefail {0}
2026-08-14T15:23:09.0334507Z env:
2026-08-14T15:23:09.0334763Z   PNPM_HOME: C:\Users\runneradmin\setup-pnpm\node_modules\.bin
2026-08-14T15:23:09.0335123Z   CARGO_HOME: C:\Users\runneradmin\.cargo
2026-08-14T15:23:09.0335383Z   CARGO_INCREMENTAL: 0
2026-08-14T15:23:09.0335580Z ##[endgroup]
2026-08-14T15:23:09.0784369Z ##[end-action id=__dtolnay_rust-toolchain.__run_7;outcome=success;conclusion=success;duration_ms=60]
2026-08-14T15:23:09.0787854Z ##[start-action display=Enable Cargo sparse registry;id=__dtolnay_rust-toolchain.__run_8]
2026-08-14T15:23:09.0942208Z ##[group]Run # implemented in 1.66, stabilized in 1.68, made default in 1.70
2026-08-14T15:23:09.0942710Z [36;1m# implemented in 1.66, stabilized in 1.68, made default in 1.70[0m
2026-08-14T15:23:09.0943340Z [36;1mif [ -z "${CARGO_REGISTRIES_CRATES_IO_PROTOCOL+set}" -o -f "D:\a\_temp"/.implicit_cargo_registries_crates_io_protocol ]; then[0m
2026-08-14T15:23:09.0943963Z [36;1m  if rustc +stable --version --verbose | grep -q '^release: 1\.6[89]\.'; then[0m
2026-08-14T15:23:09.0944423Z [36;1m    touch "D:\a\_temp"/.implicit_cargo_registries_crates_io_protocol || true[0m
2026-08-14T15:23:09.0945063Z [36;1m    echo CARGO_REGISTRIES_CRATES_IO_PROTOCOL=sparse >> $GITHUB_ENV[0m
2026-08-14T15:23:09.0945531Z [36;1m  elif rustc +stable --version --verbose | grep -q '^release: 1\.6[67]\.'; then[0m
2026-08-14T15:23:09.0946005Z [36;1m    touch "D:\a\_temp"/.implicit_cargo_registries_crates_io_protocol || true[0m
2026-08-14T15:23:09.0946433Z [36;1m    echo CARGO_REGISTRIES_CRATES_IO_PROTOCOL=git >> $GITHUB_ENV[0m
2026-08-14T15:23:09.0946751Z [36;1m  fi[0m
2026-08-14T15:23:09.0946932Z [36;1mfi[0m
2026-08-14T15:23:09.0961739Z shell: C:\Program Files\Git\bin\bash.EXE --noprofile --norc -e -o pipefail {0}
2026-08-14T15:23:09.0962337Z env:
2026-08-14T15:23:09.0962596Z   PNPM_HOME: C:\Users\runneradmin\setup-pnpm\node_modules\.bin
2026-08-14T15:23:09.0962927Z   CARGO_HOME: C:\Users\runneradmin\.cargo
2026-08-14T15:23:09.0963187Z   CARGO_INCREMENTAL: 0
2026-08-14T15:23:09.0963397Z   CARGO_TERM_COLOR: always
2026-08-14T15:23:09.0963603Z ##[endgroup]
2026-08-14T15:23:09.2983227Z ##[end-action id=__dtolnay_rust-toolchain.__run_8;outcome=success;conclusion=success;duration_ms=219]
2026-08-14T15:23:09.2986357Z ##[start-action display=Work around spurious network errors in curl 8.0;id=__dtolnay_rust-toolchain.__run_9]
2026-08-14T15:23:09.3134571Z ##[group]Run # https://rust-lang.zulipchat.com/#narrow/stream/246057-t-cargo/topic/timeout.20investigation
2026-08-14T15:23:09.3135299Z [36;1m# https://rust-lang.zulipchat.com/#narrow/stream/246057-t-cargo/topic/timeout.20investigation[0m
2026-08-14T15:23:09.3135856Z [36;1mif rustc +stable --version --verbose | grep -q '^release: 1\.7[01]\.'; then[0m
2026-08-14T15:23:09.3136314Z [36;1m  echo CARGO_HTTP_MULTIPLEXING=false >> $GITHUB_ENV[0m
2026-08-14T15:23:09.3136597Z [36;1mfi[0m
2026-08-14T15:23:09.3151086Z shell: C:\Program Files\Git\bin\bash.EXE --noprofile --norc -e -o pipefail {0}
2026-08-14T15:23:09.3151480Z env:
2026-08-14T15:23:09.3151734Z   PNPM_HOME: C:\Users\runneradmin\setup-pnpm\node_modules\.bin
2026-08-14T15:23:09.3152089Z   CARGO_HOME: C:\Users\runneradmin\.cargo
2026-08-14T15:23:09.3152338Z   CARGO_INCREMENTAL: 0
2026-08-14T15:23:09.3152539Z   CARGO_TERM_COLOR: always
2026-08-14T15:23:09.3152740Z ##[endgroup]
2026-08-14T15:23:09.4541219Z ##[end-action id=__dtolnay_rust-toolchain.__run_9;outcome=success;conclusion=success;duration_ms=155]
2026-08-14T15:23:09.4548899Z ##[start-action display=rustc +stable --version --verbose;id=__dtolnay_rust-toolchain.__run_10]
2026-08-14T15:23:09.4699899Z ##[group]Run rustc +stable --version --verbose
2026-08-14T15:23:09.4700228Z [36;1mrustc +stable --version --verbose[0m
2026-08-14T15:23:09.4714559Z shell: C:\Program Files\Git\bin\bash.EXE --noprofile --norc -e -o pipefail {0}
2026-08-14T15:23:09.4714959Z env:
2026-08-14T15:23:09.4715227Z   PNPM_HOME: C:\Users\runneradmin\setup-pnpm\node_modules\.bin
2026-08-14T15:23:09.4715557Z   CARGO_HOME: C:\Users\runneradmin\.cargo
2026-08-14T15:23:09.4715809Z   CARGO_INCREMENTAL: 0
2026-08-14T15:23:09.4716046Z   CARGO_TERM_COLOR: always
2026-08-14T15:23:09.4716249Z ##[endgroup]
2026-08-14T15:23:09.5760130Z rustc 1.97.1 (8bab26f4f 2026-07-14)
2026-08-14T15:23:09.5760585Z binary: rustc
2026-08-14T15:23:09.5760938Z commit-hash: 8bab26f4f68e0e26f0bb7960be334d5b520ea452
2026-08-14T15:23:09.5761324Z commit-date: 2026-07-14
2026-08-14T15:23:09.5761616Z host: x86_64-pc-windows-msvc
2026-08-14T15:23:09.5761875Z release: 1.97.1
2026-08-14T15:23:09.5762944Z LLVM version: 22.1.6
2026-08-14T15:23:09.5912241Z ##[end-action id=__dtolnay_rust-toolchain.__run_10;outcome=success;conclusion=success;duration_ms=136]
2026-08-14T15:23:09.6133908Z ##[group]Run Swatinem/rust-cache@v2
2026-08-14T15:23:09.6134256Z with:
2026-08-14T15:23:09.6134458Z   workspaces: src-tauri
2026-08-14T15:23:09.6134680Z   prefix-key: v0-rust
2026-08-14T15:23:09.6134888Z   add-job-id-key: true
2026-08-14T15:23:09.6135119Z   add-rust-environment-hash-key: true
2026-08-14T15:23:09.6135372Z   cache-targets: true
2026-08-14T15:23:09.6135570Z   cache-all-crates: false
2026-08-14T15:23:09.6135798Z   cache-workspace-crates: false
2026-08-14T15:23:09.6136023Z   save-if: true
2026-08-14T15:23:09.6136212Z   cache-provider: github
2026-08-14T15:23:09.6136413Z   cache-bin: true
2026-08-14T15:23:09.6136587Z   lookup-only: false
2026-08-14T15:23:09.6136787Z   cmd-format: {0}
2026-08-14T15:23:09.6136960Z env:
2026-08-14T15:23:09.6137197Z   PNPM_HOME: C:\Users\runneradmin\setup-pnpm\node_modules\.bin
2026-08-14T15:23:09.6137521Z   CARGO_HOME: C:\Users\runneradmin\.cargo
2026-08-14T15:23:09.6137768Z   CARGO_INCREMENTAL: 0
2026-08-14T15:23:09.6138266Z   CARGO_TERM_COLOR: always
2026-08-14T15:23:09.6138484Z ##[endgroup]
2026-08-14T15:23:11.9994867Z ##[group]Cache Configuration
2026-08-14T15:23:11.9995841Z Cache Provider:
2026-08-14T15:23:11.9996173Z     github
2026-08-14T15:23:11.9996804Z Workspaces:
2026-08-14T15:23:11.9997329Z     D:\a\deepseek-harness-desktop\deepseek-harness-desktop\src-tauri
2026-08-14T15:23:11.9997864Z Cache Paths:
2026-08-14T15:23:11.9998184Z     C:\Users\runneradmin\.cargo\bin
2026-08-14T15:23:11.9998602Z     C:\Users\runneradmin\.cargo\.crates.toml
2026-08-14T15:23:11.9999365Z     C:\Users\runneradmin\.cargo\.crates2.json
2026-08-14T15:23:11.9999803Z     C:\Users\runneradmin\.cargo\registry
2026-08-14T15:23:12.0000253Z     C:\Users\runneradmin\.cargo\git
2026-08-14T15:23:12.0000873Z     D:\a\deepseek-harness-desktop\deepseek-harness-desktop\src-tauri\target
2026-08-14T15:23:12.0001451Z Restore Key:
2026-08-14T15:23:12.0001809Z     v0-rust-build-windows-Windows_NT-x64-af4551b0
2026-08-14T15:23:12.0002338Z Cache Key:
2026-08-14T15:23:12.0002764Z     v0-rust-build-windows-Windows_NT-x64-af4551b0-f9ce5af9
2026-08-14T15:23:12.0003335Z .. Prefix:
2026-08-14T15:23:12.0003769Z   - v0-rust-build-windows-Windows_NT-x64
2026-08-14T15:23:12.0004211Z .. Environment considered:
2026-08-14T15:23:12.0004577Z   - Rust Versions:
2026-08-14T15:23:12.0005077Z     - 1.97.1 x86_64-pc-windows-msvc 8bab26f4f68e0e26f0bb7960be334d5b520ea452
2026-08-14T15:23:12.0005655Z   - CARGO_HOME
2026-08-14T15:23:12.0005930Z   - CARGO_INCREMENTAL
2026-08-14T15:23:12.0006234Z   - CARGO_TERM_COLOR
2026-08-14T15:23:12.0006569Z .. Lockfiles considered:
2026-08-14T15:23:12.0007134Z   - D:\a\deepseek-harness-desktop\deepseek-harness-desktop\src-tauri\Cargo.toml
2026-08-14T15:23:12.0007911Z ##[endgroup]
2026-08-14T15:23:12.0008073Z 
2026-08-14T15:23:12.0008232Z ... Restoring cache ...
2026-08-14T15:23:12.2452474Z No cache found.
2026-08-14T15:23:12.2755970Z ##[group]Run $lock = Get-Content UPSTREAM.lock.json -Raw | ConvertFrom-Json
2026-08-14T15:23:12.2756669Z [36;1m$lock = Get-Content UPSTREAM.lock.json -Raw | ConvertFrom-Json[0m
2026-08-14T15:23:12.2757030Z [36;1m$sha  = $lock.harness.sha[0m
2026-08-14T15:23:12.2757284Z [36;1m$repo = $lock.harness.repo[0m
2026-08-14T15:23:12.2757683Z [36;1mif ($sha -like '*<*') { Write-Error "UPSTREAM.lock.json 的 sha 仍为占位符，请先填入真实提交号"; exit 1 }[0m
2026-08-14T15:23:12.2758121Z [36;1mWrite-Host "Cloning $repo @ $sha"[0m
2026-08-14T15:23:12.2758520Z [36;1mgit clone --no-checkout "https://github.com/$repo.git" deepseek-harness[0m
2026-08-14T15:23:12.2758914Z [36;1mgit -C deepseek-harness checkout $sha[0m
2026-08-14T15:23:12.3424222Z shell: C:\Program Files\PowerShell\7\pwsh.EXE -command ". '{0}'"
2026-08-14T15:23:12.3424676Z env:
2026-08-14T15:23:12.3424962Z   PNPM_HOME: C:\Users\runneradmin\setup-pnpm\node_modules\.bin
2026-08-14T15:23:12.3425381Z   CARGO_HOME: C:\Users\runneradmin\.cargo
2026-08-14T15:23:12.3425657Z   CARGO_INCREMENTAL: 0
2026-08-14T15:23:12.3425863Z   CARGO_TERM_COLOR: always
2026-08-14T15:23:12.3426121Z   CACHE_ON_FAILURE: false
2026-08-14T15:23:12.3426330Z ##[endgroup]
2026-08-14T15:23:12.7772553Z Cloning deepseek-ai/deepseek-harness @ 47f943859bef60e4160492346772ded9b24f765a
2026-08-14T15:23:12.8120506Z Cloning into 'deepseek-harness'...
2026-08-14T15:23:24.1815259Z Note: switching to '47f943859bef60e4160492346772ded9b24f765a'.
2026-08-14T15:23:24.1815605Z 
2026-08-14T15:23:24.1815867Z You are in 'detached HEAD' state. You can look around, make experimental
2026-08-14T15:23:24.1816383Z changes and commit them, and you can discard any commits you make in this
2026-08-14T15:23:24.1816882Z state without impacting any branches by switching back to a branch.
2026-08-14T15:23:24.1817146Z 
2026-08-14T15:23:24.1817382Z If you want to create a new branch to retain commits you create, you may
2026-08-14T15:23:24.1817887Z do so (now or later) by using -c with the switch command. Example:
2026-08-14T15:23:24.1818118Z 
2026-08-14T15:23:24.1818282Z   git switch -c <new-branch-name>
2026-08-14T15:23:24.1818765Z 
2026-08-14T15:23:24.1818894Z Or undo this operation with:
2026-08-14T15:23:24.1819045Z 
2026-08-14T15:23:24.1819145Z   git switch -
2026-08-14T15:23:24.1819265Z 
2026-08-14T15:23:24.1819512Z Turn off this advice by setting config variable advice.detachedHead to false
2026-08-14T15:23:24.1819814Z 
2026-08-14T15:23:24.1820101Z HEAD is now at 47f943859b Merge pull request #2519 from deepseek-harness/feat/npm-public
2026-08-14T15:23:24.5052292Z Node 20 is being deprecated. This workflow is running with Node 24 by default. If you need to temporarily use Node 20, you can set the ACTIONS_ALLOW_USE_UNSECURE_NODE_VERSION=true environment variable. For more information see: https://github.blog/changelog/2025-09-19-deprecation-of-node-20-on-github-actions-runners/
2026-08-14T15:23:24.5055525Z ##[group]Run actions/cache@v4
2026-08-14T15:23:24.5055839Z with:
2026-08-14T15:23:24.5056500Z   path: deepseek-harness/apps/cli/lib
deepseek-harness/apps/web/dist
deepseek-harness/packages/**/lib

2026-08-14T15:23:24.5057694Z   key: harness-06cd32189795a43b4e057fb5937d7a748844af54bf9cb356a553882fa8ffb339-42daf827ea7292d72f95ab224260dd82d40147705e1f8cfcad72f71a9d10bc2e
2026-08-14T15:23:24.5058376Z   restore-keys: harness-

2026-08-14T15:23:24.5058604Z   enableCrossOsArchive: false
2026-08-14T15:23:24.5058828Z   fail-on-cache-miss: false
2026-08-14T15:23:24.5059038Z   lookup-only: false
2026-08-14T15:23:24.5059296Z   save-always: false
2026-08-14T15:23:24.5059478Z env:
2026-08-14T15:23:24.5059718Z   PNPM_HOME: C:\Users\runneradmin\setup-pnpm\node_modules\.bin
2026-08-14T15:23:24.5060041Z   CARGO_HOME: C:\Users\runneradmin\.cargo
2026-08-14T15:23:24.5060283Z   CARGO_INCREMENTAL: 0
2026-08-14T15:23:24.5060493Z   CARGO_TERM_COLOR: always
2026-08-14T15:23:24.5060698Z   CACHE_ON_FAILURE: false
2026-08-14T15:23:24.5060903Z ##[endgroup]
2026-08-14T15:23:24.6498795Z (node:6616) [DEP0040] DeprecationWarning: The `punycode` module is deprecated. Please use a userland alternative instead.
2026-08-14T15:23:24.6499563Z (Use `node --trace-deprecation ...` to show where the warning was created)
2026-08-14T15:23:24.8615280Z Cache not found for input keys: harness-06cd32189795a43b4e057fb5937d7a748844af54bf9cb356a553882fa8ffb339-42daf827ea7292d72f95ab224260dd82d40147705e1f8cfcad72f71a9d10bc2e, harness-
2026-08-14T15:23:25.0540808Z Node 20 is being deprecated. This workflow is running with Node 24 by default. If you need to temporarily use Node 20, you can set the ACTIONS_ALLOW_USE_UNSECURE_NODE_VERSION=true environment variable. For more information see: https://github.blog/changelog/2025-09-19-deprecation-of-node-20-on-github-actions-runners/
2026-08-14T15:23:25.0542292Z ##[group]Run actions/cache@v4
2026-08-14T15:23:25.0542513Z with:
2026-08-14T15:23:25.0542713Z   path: ~/.pnpm-store
2026-08-14T15:23:25.0543046Z   key: pnpm-06cd32189795a43b4e057fb5937d7a748844af54bf9cb356a553882fa8ffb339
2026-08-14T15:23:25.0543421Z   restore-keys: pnpm-

2026-08-14T15:23:25.0543632Z   enableCrossOsArchive: false
2026-08-14T15:23:25.0543886Z   fail-on-cache-miss: false
2026-08-14T15:23:25.0544106Z   lookup-only: false
2026-08-14T15:23:25.0544293Z   save-always: false
2026-08-14T15:23:25.0544466Z env:
2026-08-14T15:23:25.0544712Z   PNPM_HOME: C:\Users\runneradmin\setup-pnpm\node_modules\.bin
2026-08-14T15:23:25.0545073Z   CARGO_HOME: C:\Users\runneradmin\.cargo
2026-08-14T15:23:25.0545331Z   CARGO_INCREMENTAL: 0
2026-08-14T15:23:25.0545525Z   CARGO_TERM_COLOR: always
2026-08-14T15:23:25.0545728Z   CACHE_ON_FAILURE: false
2026-08-14T15:23:25.0545931Z ##[endgroup]
2026-08-14T15:23:25.2010469Z (node:672) [DEP0040] DeprecationWarning: The `punycode` module is deprecated. Please use a userland alternative instead.
2026-08-14T15:23:25.2011225Z (Use `node --trace-deprecation ...` to show where the warning was created)
2026-08-14T15:23:25.4611971Z Cache not found for input keys: pnpm-06cd32189795a43b4e057fb5937d7a748844af54bf9cb356a553882fa8ffb339, pnpm-
2026-08-14T15:23:25.6050180Z Node 20 is being deprecated. This workflow is running with Node 24 by default. If you need to temporarily use Node 20, you can set the ACTIONS_ALLOW_USE_UNSECURE_NODE_VERSION=true environment variable. For more information see: https://github.blog/changelog/2025-09-19-deprecation-of-node-20-on-github-actions-runners/
2026-08-14T15:23:25.6052670Z ##[group]Run actions/cache@v4
2026-08-14T15:23:25.6052900Z with:
2026-08-14T15:23:25.6053186Z   path: dist/dsh.exe
src-tauri/externalBin/dsh-x86_64-pc-windows-msvc.exe

2026-08-14T15:23:25.6053675Z   key: dsh-7833cdb2bf9968aefdf7caef3e426553dcb6c6e6c88fa262ca7eb20c0cf7eade
2026-08-14T15:23:25.6054051Z   restore-keys: dsh-

2026-08-14T15:23:25.6054264Z   enableCrossOsArchive: false
2026-08-14T15:23:25.6054497Z   fail-on-cache-miss: false
2026-08-14T15:23:25.6054706Z   lookup-only: false
2026-08-14T15:23:25.6054895Z   save-always: false
2026-08-14T15:23:25.6055081Z env:
2026-08-14T15:23:25.6055371Z   PNPM_HOME: C:\Users\runneradmin\setup-pnpm\node_modules\.bin
2026-08-14T15:23:25.6055700Z   CARGO_HOME: C:\Users\runneradmin\.cargo
2026-08-14T15:23:25.6055945Z   CARGO_INCREMENTAL: 0
2026-08-14T15:23:25.6056142Z   CARGO_TERM_COLOR: always
2026-08-14T15:23:25.6056364Z   CACHE_ON_FAILURE: false
2026-08-14T15:23:25.6056563Z ##[endgroup]
2026-08-14T15:23:25.7512612Z (node:3088) [DEP0040] DeprecationWarning: The `punycode` module is deprecated. Please use a userland alternative instead.
2026-08-14T15:23:25.7513737Z (Use `node --trace-deprecation ...` to show where the warning was created)
2026-08-14T15:23:25.9698145Z Cache not found for input keys: dsh-7833cdb2bf9968aefdf7caef3e426553dcb6c6e6c88fa262ca7eb20c0cf7eade, dsh-
2026-08-14T15:23:25.9981644Z ##[group]Run pwsh desktop/scripts/build-harness.ps1 -HarnessDir ./deepseek-harness
2026-08-14T15:23:25.9982317Z [36;1mpwsh desktop/scripts/build-harness.ps1 -HarnessDir ./deepseek-harness[0m
2026-08-14T15:23:26.0061431Z shell: C:\Program Files\PowerShell\7\pwsh.EXE -command ". '{0}'"
2026-08-14T15:23:26.0061785Z env:
2026-08-14T15:23:26.0062068Z   PNPM_HOME: C:\Users\runneradmin\setup-pnpm\node_modules\.bin
2026-08-14T15:23:26.0062391Z   CARGO_HOME: C:\Users\runneradmin\.cargo
2026-08-14T15:23:26.0062645Z   CARGO_INCREMENTAL: 0
2026-08-14T15:23:26.0062845Z   CARGO_TERM_COLOR: always
2026-08-14T15:23:26.0063047Z   CACHE_ON_FAILURE: false
2026-08-14T15:23:26.0063243Z ##[endgroup]
2026-08-14T15:23:27.1321001Z [31;1mWrite-Error: [0mD:\a\deepseek-harness-desktop\deepseek-harness-desktop\desktop\scripts\build-harness.ps1:74[0m
2026-08-14T15:23:27.1322068Z [31;1m[0m[36;1mLine |[0m
2026-08-14T15:23:27.1322664Z [31;1m[0m[36;1m[36;1m  74 | [0m     [36;1mWrite-Error "build-harness failed: $_"[0m
2026-08-14T15:23:27.1323275Z [31;1m[0m[36;1m[36;1m[0m[36;1m[0m[36;1m     | [31;1m     ~~~~~~~~~~~~~~~~~~~~~~~~~~~~~~~~~~~~~~[0m
2026-08-14T15:23:27.1324179Z [31;1m[0m[36;1m[36;1m[0m[36;1m[0m[36;1m[31;1m[31;1m[36;1m     | [31;1mbuild-harness failed: Cannot overwrite variable IsWindows because it is read-only or constant.[0m
2026-08-14T15:23:27.2904648Z ##[error]Process completed with exit code 1.
2026-08-14T15:23:27.3183815Z Node 20 is being deprecated. This workflow is running with Node 24 by default. If you need to temporarily use Node 20, you can set the ACTIONS_ALLOW_USE_UNSECURE_NODE_VERSION=true environment variable. For more information see: https://github.blog/changelog/2025-09-19-deprecation-of-node-20-on-github-actions-runners/
2026-08-14T15:23:27.3185065Z Post job cleanup.
2026-08-14T15:23:27.5239614Z Pruning is unnecessary.
2026-08-14T15:23:27.5607840Z Node 20 is being deprecated. This workflow is running with Node 24 by default. If you need to temporarily use Node 20, you can set the ACTIONS_ALLOW_USE_UNSECURE_NODE_VERSION=true environment variable. For more information see: https://github.blog/changelog/2025-09-19-deprecation-of-node-20-on-github-actions-runners/
2026-08-14T15:23:27.5609109Z Post job cleanup.
2026-08-14T15:23:27.7701198Z [command]"C:\Program Files\Git\bin\git.exe" version
2026-08-14T15:23:27.8055472Z git version 2.55.0.windows.3
2026-08-14T15:23:27.8148612Z Temporarily overriding HOME='D:\a\_temp\0ddf9479-2695-4c8b-b028-83fc6721605b' before making global git config changes
2026-08-14T15:23:27.8149930Z Adding repository directory to the temporary git global config as a safe directory
2026-08-14T15:23:27.8162391Z [command]"C:\Program Files\Git\bin\git.exe" config --global --add safe.directory D:\a\deepseek-harness-desktop\deepseek-harness-desktop
2026-08-14T15:23:27.8534853Z [command]"C:\Program Files\Git\bin\git.exe" config --local --name-only --get-regexp core\.sshCommand
2026-08-14T15:23:27.8870025Z [command]"C:\Program Files\Git\bin\git.exe" submodule foreach --recursive "sh -c \"git config --local --name-only --get-regexp 'core\.sshCommand' && git config --local --unset-all 'core.sshCommand' || :\""
2026-08-14T15:23:28.4605001Z [command]"C:\Program Files\Git\bin\git.exe" config --local --name-only --get-regexp http\.https\:\/\/github\.com\/\.extraheader
2026-08-14T15:23:28.4884009Z http.https://github.com/.extraheader
2026-08-14T15:23:28.4940509Z [command]"C:\Program Files\Git\bin\git.exe" config --local --unset-all http.https://github.com/.extraheader
2026-08-14T15:23:28.5276484Z [command]"C:\Program Files\Git\bin\git.exe" submodule foreach --recursive "sh -c \"git config --local --name-only --get-regexp 'http\.https\:\/\/github\.com\/\.extraheader' && git config --local --unset-all 'http.https://github.com/.extraheader' || :\""
2026-08-14T15:23:29.1275556Z [command]"C:\Program Files\Git\bin\git.exe" config --local --name-only --get-regexp ^includeIf\.gitdir:
2026-08-14T15:23:29.1616527Z [command]"C:\Program Files\Git\bin\git.exe" submodule foreach --recursive "git config --local --show-origin --name-only --get-regexp remote.origin.url"
2026-08-14T15:23:29.7441775Z Cleaning up orphan processes
2026-08-14T15:23:29.7481658Z ##[warning]Node.js 20 is deprecated. The following actions target Node.js 20 but are being forced to run on Node.js 24: actions/cache@v4, actions/checkout@v4, actions/setup-node@v4, pnpm/action-setup@v4. For more information see: https://github.blog/changelog/2025-09-19-deprecation-of-node-20-on-github-actions-runners/
